#
# Copyright (C) 2017-2019 Dremio Corporation
#
# Licensed under the Apache License, Version 2.0 (the "License");
# you may not use this file except in compliance with the License.
# You may obtain a copy of the License at
#
#     http://www.apache.org/licenses/LICENSE-2.0
#
# Unless required by applicable law or agreed to in writing, software
# distributed under the License is distributed on an "AS IS" BASIS,
# WITHOUT WARRANTIES OR CONDITIONS OF ANY KIND, either express or implied.
# See the License for the specific language governing permissions and
# limitations under the License.
#

---
 -
  description: "NO FROM CLAUSE"
  input: "SELECT ^"
  output:
    completions:
     -
       - "{"
       - "  \"label\" : \"<IDENTIFIER>\","
       - "  \"kind\" : \"Keyword\","
       - "  \"detail\" : \"Some SQL keyword\","
       - "  \"data\" : {"
       - "    \"kinds\" : 827"
       - "  }"
       - "}"
     -
       - "{"
       - "  \"label\" : \"<UNSIGNED_INTEGER_LITERAL>\","
       - "  \"kind\" : \"Keyword\","
       - "  \"detail\" : \"Some SQL keyword\","
       - "  \"data\" : {"
       - "    \"kinds\" : 764"
       - "  }"
       - "}"
     -
       - "{"
       - "  \"label\" : \"SUM\","
       - "  \"kind\" : \"Keyword\","
       - "  \"detail\" : \"Some SQL keyword\","
       - "  \"data\" : {"
       - "    \"kinds\" : 590"
       - "  }"
       - "}"
     -
       - "{"
       - "  \"label\" : \"MIN\","
       - "  \"kind\" : \"Keyword\","
       - "  \"detail\" : \"Some SQL keyword\","
       - "  \"data\" : {"
       - "    \"kinds\" : 336"
       - "  }"
       - "}"
     -
       - "{"
       - "  \"label\" : \"AVG\","
       - "  \"kind\" : \"Keyword\","
       - "  \"detail\" : \"Some SQL keyword\","
       - "  \"data\" : {"
       - "    \"kinds\" : 63"
       - "  }"
       - "}"
    numRemaining: 128
 -
  description: "SELECT * FROM"
  input: "SELECT * FROM ^"
  output:
    completions:
     -
       - "{"
       - "  \"label\" : \"space\","
       - "  \"kind\" : \"CatalogEntry\","
       - "  \"detail\" : \"Some CatalogEntry\","
       - "  \"data\" : {"
       - "    \"name\" : \"space\","
       - "    \"type\" : \"Space\""
       - "  }"
       - "}"
     -
       - "{"
       - "  \"label\" : \"(\","
       - "  \"kind\" : \"Keyword\","
       - "  \"detail\" : \"Some SQL keyword\","
       - "  \"data\" : {"
       - "    \"kinds\" : 14"
       - "  }"
       - "}"
     -
       - "{"
       - "  \"label\" : \",\","
       - "  \"kind\" : \"Keyword\","
       - "  \"detail\" : \"Some SQL keyword\","
       - "  \"data\" : {"
       - "    \"kinds\" : 789"
       - "  }"
       - "}"
     -
       - "{"
       - "  \"label\" : \"<BACK_QUOTED_IDENTIFIER>\","
       - "  \"kind\" : \"Keyword\","
       - "  \"detail\" : \"Some SQL keyword\","
       - "  \"data\" : {"
       - "    \"kinds\" : 825"
       - "  }"
       - "}"
     -
       - "{"
       - "  \"label\" : \"<BRACKET_QUOTED_IDENTIFIER>\","
       - "  \"kind\" : \"Keyword\","
       - "  \"detail\" : \"Some SQL keyword\","
       - "  \"data\" : {"
       - "    \"kinds\" : 823"
       - "  }"
       - "}"
    numRemaining: 15
 -
  description: "SELECT * FROM TABLE"
  input: "SELECT * FROM EMP ^"
  output:
    completions:
     -
       - "{"
       - "  \"label\" : \",\","
       - "  \"kind\" : \"Keyword\","
       - "  \"detail\" : \"Some SQL keyword\","
       - "  \"data\" : {"
       - "    \"kinds\" : 789"
       - "  }"
       - "}"
     -
       - "{"
       - "  \"label\" : \"WHERE\","
       - "  \"kind\" : \"Keyword\","
       - "  \"detail\" : \"Some SQL keyword\","
       - "  \"data\" : {"
       - "    \"kinds\" : 664"
       - "  }"
       - "}"
     -
       - "{"
       - "  \"label\" : \"GROUP\","
       - "  \"kind\" : \"Keyword\","
       - "  \"detail\" : \"Some SQL keyword\","
       - "  \"data\" : {"
       - "    \"kinds\" : 254"
       - "  }"
       - "}"
     -
       - "{"
       - "  \"label\" : \"ORDER\","
       - "  \"kind\" : \"Keyword\","
       - "  \"detail\" : \"Some SQL keyword\","
       - "  \"data\" : {"
       - "    \"kinds\" : 383"
       - "  }"
       - "}"
     -
       - "{"
       - "  \"label\" : \"JOIN\","
       - "  \"kind\" : \"Keyword\","
       - "  \"detail\" : \"Some SQL keyword\","
       - "  \"data\" : {"
       - "    \"kinds\" : 290"
       - "  }"
       - "}"
    numRemaining: 19
 -
  description: "FROM + WHERE"
  input: "SELECT * FROM EMP WHERE ^"
  output:
    completions:
     -
       - "{"
       - "  \"label\" : \"COMM\","
       - "  \"kind\" : \"Column\","
       - "  \"detail\" : \"Some Column\","
       - "  \"data\" : {"
       - "    \"name\" : \"COMM\","
       - "    \"type\" : \"INTEGER\","
       - "    \"tablePath\" : [ \"EMP\" ]"
       - "  }"
       - "}"
     -
       - "{"
       - "  \"label\" : \"DEPTNO\","
       - "  \"kind\" : \"Column\","
       - "  \"detail\" : \"Some Column\","
       - "  \"data\" : {"
       - "    \"name\" : \"DEPTNO\","
       - "    \"type\" : \"INTEGER\","
       - "    \"tablePath\" : [ \"EMP\" ]"
       - "  }"
       - "}"
     -
       - "{"
       - "  \"label\" : \"EMPNO\","
       - "  \"kind\" : \"Column\","
       - "  \"detail\" : \"Some Column\","
       - "  \"data\" : {"
       - "    \"name\" : \"EMPNO\","
       - "    \"type\" : \"INTEGER\","
       - "    \"tablePath\" : [ \"EMP\" ]"
       - "  }"
       - "}"
     -
       - "{"
       - "  \"label\" : \"ENAME\","
       - "  \"kind\" : \"Column\","
       - "  \"detail\" : \"Some Column\","
       - "  \"data\" : {"
       - "    \"name\" : \"ENAME\","
       - "    \"type\" : \"VARCHAR\","
       - "    \"tablePath\" : [ \"EMP\" ]"
       - "  }"
       - "}"
     -
       - "{"
       - "  \"label\" : \"HIREDATE\","
       - "  \"kind\" : \"Column\","
       - "  \"detail\" : \"Some Column\","
       - "  \"data\" : {"
       - "    \"name\" : \"HIREDATE\","
       - "    \"type\" : \"TIMESTAMP\","
       - "    \"tablePath\" : [ \"EMP\" ]"
       - "  }"
       - "}"
    numRemaining: 148
 -
  description: "CURSOR IN PROJECTION"
  input: "SELECT ^ FROM EMP"
  output:
    completions:
     -
       - "{"
       - "  \"label\" : \"COMM\","
       - "  \"kind\" : \"Column\","
       - "  \"detail\" : \"Some Column\","
       - "  \"data\" : {"
       - "    \"name\" : \"COMM\","
       - "    \"type\" : \"INTEGER\","
       - "    \"tablePath\" : [ \"EMP\" ]"
       - "  }"
       - "}"
     -
       - "{"
       - "  \"label\" : \"DEPTNO\","
       - "  \"kind\" : \"Column\","
       - "  \"detail\" : \"Some Column\","
       - "  \"data\" : {"
       - "    \"name\" : \"DEPTNO\","
       - "    \"type\" : \"INTEGER\","
       - "    \"tablePath\" : [ \"EMP\" ]"
       - "  }"
       - "}"
     -
       - "{"
       - "  \"label\" : \"EMPNO\","
       - "  \"kind\" : \"Column\","
       - "  \"detail\" : \"Some Column\","
       - "  \"data\" : {"
       - "    \"name\" : \"EMPNO\","
       - "    \"type\" : \"INTEGER\","
       - "    \"tablePath\" : [ \"EMP\" ]"
       - "  }"
       - "}"
     -
       - "{"
       - "  \"label\" : \"ENAME\","
       - "  \"kind\" : \"Column\","
       - "  \"detail\" : \"Some Column\","
       - "  \"data\" : {"
       - "    \"name\" : \"ENAME\","
       - "    \"type\" : \"VARCHAR\","
       - "    \"tablePath\" : [ \"EMP\" ]"
       - "  }"
       - "}"
     -
       - "{"
       - "  \"label\" : \"HIREDATE\","
       - "  \"kind\" : \"Column\","
       - "  \"detail\" : \"Some Column\","
       - "  \"data\" : {"
       - "    \"name\" : \"HIREDATE\","
       - "    \"type\" : \"TIMESTAMP\","
       - "    \"tablePath\" : [ \"EMP\" ]"
       - "  }"
       - "}"
    numRemaining: 136
 -
  description: "FROM CLAUSE WITH COMMAS"
  input: "SELECT ^ FROM EMP, DEPT"
  output:
    completions:
     -
       - "{"
       - "  \"label\" : \"COMM\","
       - "  \"kind\" : \"Column\","
       - "  \"detail\" : \"Some Column\","
       - "  \"data\" : {"
       - "    \"name\" : \"COMM\","
       - "    \"type\" : \"INTEGER\","
       - "    \"tablePath\" : [ \"EMP\" ]"
       - "  }"
       - "}"
     -
       - "{"
       - "  \"label\" : \"DEPTNO\","
       - "  \"kind\" : \"Column\","
       - "  \"detail\" : \"Some Column\","
       - "  \"data\" : {"
       - "    \"name\" : \"DEPTNO\","
       - "    \"type\" : \"INTEGER\","
       - "    \"tablePath\" : [ \"EMP\" ]"
       - "  }"
       - "}"
     -
       - "{"
       - "  \"label\" : \"EMPNO\","
       - "  \"kind\" : \"Column\","
       - "  \"detail\" : \"Some Column\","
       - "  \"data\" : {"
       - "    \"name\" : \"EMPNO\","
       - "    \"type\" : \"INTEGER\","
       - "    \"tablePath\" : [ \"EMP\" ]"
       - "  }"
       - "}"
     -
       - "{"
       - "  \"label\" : \"ENAME\","
       - "  \"kind\" : \"Column\","
       - "  \"detail\" : \"Some Column\","
       - "  \"data\" : {"
       - "    \"name\" : \"ENAME\","
       - "    \"type\" : \"VARCHAR\","
       - "    \"tablePath\" : [ \"EMP\" ]"
       - "  }"
       - "}"
     -
       - "{"
       - "  \"label\" : \"HIREDATE\","
       - "  \"kind\" : \"Column\","
       - "  \"detail\" : \"Some Column\","
       - "  \"data\" : {"
       - "    \"name\" : \"HIREDATE\","
       - "    \"type\" : \"TIMESTAMP\","
       - "    \"tablePath\" : [ \"EMP\" ]"
       - "  }"
       - "}"
    numRemaining: 138
 -
  description: "FROM CLAUSE WITH JOINS"
  input: "SELECT ^ FROM EMP JOIN DEPT ON EMP.DEPTNO = DEPT.DEPTNO"
  output:
    completions:
     -
       - "{"
       - "  \"label\" : \"COMM\","
       - "  \"kind\" : \"Column\","
       - "  \"detail\" : \"Some Column\","
       - "  \"data\" : {"
       - "    \"name\" : \"COMM\","
       - "    \"type\" : \"INTEGER\","
       - "    \"tablePath\" : [ \"EMP\" ]"
       - "  }"
       - "}"
     -
       - "{"
       - "  \"label\" : \"DEPTNO\","
       - "  \"kind\" : \"Column\","
       - "  \"detail\" : \"Some Column\","
       - "  \"data\" : {"
       - "    \"name\" : \"DEPTNO\","
       - "    \"type\" : \"INTEGER\","
       - "    \"tablePath\" : [ \"EMP\" ]"
       - "  }"
       - "}"
     -
       - "{"
       - "  \"label\" : \"EMPNO\","
       - "  \"kind\" : \"Column\","
       - "  \"detail\" : \"Some Column\","
       - "  \"data\" : {"
       - "    \"name\" : \"EMPNO\","
       - "    \"type\" : \"INTEGER\","
       - "    \"tablePath\" : [ \"EMP\" ]"
       - "  }"
       - "}"
     -
       - "{"
       - "  \"label\" : \"ENAME\","
       - "  \"kind\" : \"Column\","
       - "  \"detail\" : \"Some Column\","
       - "  \"data\" : {"
       - "    \"name\" : \"ENAME\","
       - "    \"type\" : \"VARCHAR\","
       - "    \"tablePath\" : [ \"EMP\" ]"
       - "  }"
       - "}"
     -
       - "{"
       - "  \"label\" : \"HIREDATE\","
       - "  \"kind\" : \"Column\","
       - "  \"detail\" : \"Some Column\","
       - "  \"data\" : {"
       - "    \"name\" : \"HIREDATE\","
       - "    \"type\" : \"TIMESTAMP\","
       - "    \"tablePath\" : [ \"EMP\" ]"
       - "  }"
       - "}"
    numRemaining: 138
 -
  description: "SUBQUERY WITH CURSOR IN INNER QUERY"
  input:
   - "SELECT DEPTNO, NAME, (SELECT MAX(EMP.SAL), ^"
   - " FROM EMP"
   - " WHERE EMP.DEPTNO = DEPT.DEPTNO) AS MAX_SAL_IN_DEPTNO"
   - "FROM DEPT"
  output:
    completions:
     -
       - "{"
       - "  \"label\" : \"COMM\","
       - "  \"kind\" : \"Column\","
       - "  \"detail\" : \"Some Column\","
       - "  \"data\" : {"
       - "    \"name\" : \"COMM\","
       - "    \"type\" : \"INTEGER\","
       - "    \"tablePath\" : [ \"EMP\" ]"
       - "  }"
       - "}"
     -
       - "{"
       - "  \"label\" : \"DEPTNO\","
       - "  \"kind\" : \"Column\","
       - "  \"detail\" : \"Some Column\","
       - "  \"data\" : {"
       - "    \"name\" : \"DEPTNO\","
       - "    \"type\" : \"INTEGER\","
       - "    \"tablePath\" : [ \"EMP\" ]"
       - "  }"
       - "}"
     -
       - "{"
       - "  \"label\" : \"EMPNO\","
       - "  \"kind\" : \"Column\","
       - "  \"detail\" : \"Some Column\","
       - "  \"data\" : {"
       - "    \"name\" : \"EMPNO\","
       - "    \"type\" : \"INTEGER\","
       - "    \"tablePath\" : [ \"EMP\" ]"
       - "  }"
       - "}"
     -
       - "{"
       - "  \"label\" : \"ENAME\","
       - "  \"kind\" : \"Column\","
       - "  \"detail\" : \"Some Column\","
       - "  \"data\" : {"
       - "    \"name\" : \"ENAME\","
       - "    \"type\" : \"VARCHAR\","
       - "    \"tablePath\" : [ \"EMP\" ]"
       - "  }"
       - "}"
     -
       - "{"
       - "  \"label\" : \"HIREDATE\","
       - "  \"kind\" : \"Column\","
       - "  \"detail\" : \"Some Column\","
       - "  \"data\" : {"
       - "    \"name\" : \"HIREDATE\","
       - "    \"type\" : \"TIMESTAMP\","
       - "    \"tablePath\" : [ \"EMP\" ]"
       - "  }"
       - "}"
    numRemaining: 164
 -
  description: "SUBQUERY WITH CURSOR IN OUTER QUERY"
  input:
   - "SELECT DEPTNO, ^, NAME, (SELECT MAX(EMP.SAL)"
   - " FROM EMP"
   - " WHERE EMP.DEPTNO = DEPT.DEPTNO) AS MAX_SAL_IN_DEPTNO"
   - "FROM DEPT"
  output:
    completions:
     -
       - "{"
       - "  \"label\" : \"DEPTNO\","
       - "  \"kind\" : \"Column\","
       - "  \"detail\" : \"Some Column\","
       - "  \"data\" : {"
       - "    \"name\" : \"DEPTNO\","
       - "    \"type\" : \"INTEGER\","
       - "    \"tablePath\" : [ \"DEPT\" ]"
       - "  }"
       - "}"
     -
       - "{"
       - "  \"label\" : \"NAME\","
       - "  \"kind\" : \"Column\","
       - "  \"detail\" : \"Some Column\","
       - "  \"data\" : {"
       - "    \"name\" : \"NAME\","
       - "    \"type\" : \"VARCHAR\","
       - "    \"tablePath\" : [ \"DEPT\" ]"
       - "  }"
       - "}"
     -
       - "{"
       - "  \"label\" : \"<UNSIGNED_INTEGER_LITERAL>\","
       - "  \"kind\" : \"Keyword\","
       - "  \"detail\" : \"Some SQL keyword\","
       - "  \"data\" : {"
       - "    \"kinds\" : 764"
       - "  }"
       - "}"
     -
       - "{"
       - "  \"label\" : \"GROUPING\","
       - "  \"kind\" : \"Keyword\","
       - "  \"detail\" : \"Some SQL keyword\","
       - "  \"data\" : {"
       - "    \"kinds\" : 255"
       - "  }"
       - "}"
     -
       - "{"
       - "  \"label\" : \"MAX\","
       - "  \"kind\" : \"Keyword\","
       - "  \"detail\" : \"Some SQL keyword\","
       - "  \"data\" : {"
       - "    \"kinds\" : 325"
       - "  }"
       - "}"
    numRemaining: 155
 -
  description: "MULTI QUERY"
  input:
   - "SELECT DEPTNO FROM DEPT"
   - " UNION"
   - "SELECT EMPNO, ^ FROM EMP"
   - " UNION"
   - "SELECT GRADE FROM SALGRADE"
  output:
    completions:
     -
       - "{"
       - "  \"label\" : \"COMM\","
       - "  \"kind\" : \"Column\","
       - "  \"detail\" : \"Some Column\","
       - "  \"data\" : {"
       - "    \"name\" : \"COMM\","
       - "    \"type\" : \"INTEGER\","
       - "    \"tablePath\" : [ \"EMP\" ]"
       - "  }"
       - "}"
     -
       - "{"
       - "  \"label\" : \"DEPTNO\","
       - "  \"kind\" : \"Column\","
       - "  \"detail\" : \"Some Column\","
       - "  \"data\" : {"
       - "    \"name\" : \"DEPTNO\","
       - "    \"type\" : \"INTEGER\","
       - "    \"tablePath\" : [ \"EMP\" ]"
       - "  }"
       - "}"
     -
       - "{"
       - "  \"label\" : \"EMPNO\","
       - "  \"kind\" : \"Column\","
       - "  \"detail\" : \"Some Column\","
       - "  \"data\" : {"
       - "    \"name\" : \"EMPNO\","
       - "    \"type\" : \"INTEGER\","
       - "    \"tablePath\" : [ \"EMP\" ]"
       - "  }"
       - "}"
     -
       - "{"
       - "  \"label\" : \"ENAME\","
       - "  \"kind\" : \"Column\","
       - "  \"detail\" : \"Some Column\","
       - "  \"data\" : {"
       - "    \"name\" : \"ENAME\","
       - "    \"type\" : \"VARCHAR\","
       - "    \"tablePath\" : [ \"EMP\" ]"
       - "  }"
       - "}"
     -
       - "{"
       - "  \"label\" : \"HIREDATE\","
       - "  \"kind\" : \"Column\","
       - "  \"detail\" : \"Some Column\","
       - "  \"data\" : {"
       - "    \"name\" : \"HIREDATE\","
       - "    \"type\" : \"TIMESTAMP\","
       - "    \"tablePath\" : [ \"EMP\" ]"
       - "  }"
       - "}"
    numRemaining: 162
 -
  description: "EVERYTHING"
  input:
   - "SELECT DEPTNO FROM DEPT"
   - " UNION"
   - "SELECT DEPTNO, NAME, (SELECT MAX(EMP.SAL), ^"
   - " FROM EMP JOIN DEPT ON EMP.DEPTNO = DEPT.DEPTNO"
   - " WHERE EMP.DEPTNO = DEPT.DEPTNO) AS MAX_SAL_IN_DEPTNO"
   - "FROM DEPT"
   - " UNION"
   - "SELECT GRADE FROM SALGRADE"
  output:
    completions:
     -
       - "{"
       - "  \"label\" : \"COMM\","
       - "  \"kind\" : \"Column\","
       - "  \"detail\" : \"Some Column\","
       - "  \"data\" : {"
       - "    \"name\" : \"COMM\","
       - "    \"type\" : \"INTEGER\","
       - "    \"tablePath\" : [ \"EMP\" ]"
       - "  }"
       - "}"
     -
       - "{"
       - "  \"label\" : \"DEPTNO\","
       - "  \"kind\" : \"Column\","
       - "  \"detail\" : \"Some Column\","
       - "  \"data\" : {"
       - "    \"name\" : \"DEPTNO\","
       - "    \"type\" : \"INTEGER\","
       - "    \"tablePath\" : [ \"EMP\" ]"
       - "  }"
       - "}"
     -
       - "{"
       - "  \"label\" : \"EMPNO\","
       - "  \"kind\" : \"Column\","
       - "  \"detail\" : \"Some Column\","
       - "  \"data\" : {"
       - "    \"name\" : \"EMPNO\","
       - "    \"type\" : \"INTEGER\","
       - "    \"tablePath\" : [ \"EMP\" ]"
       - "  }"
       - "}"
     -
       - "{"
       - "  \"label\" : \"ENAME\","
       - "  \"kind\" : \"Column\","
       - "  \"detail\" : \"Some Column\","
       - "  \"data\" : {"
       - "    \"name\" : \"ENAME\","
       - "    \"type\" : \"VARCHAR\","
       - "    \"tablePath\" : [ \"EMP\" ]"
       - "  }"
       - "}"
     -
       - "{"
       - "  \"label\" : \"HIREDATE\","
       - "  \"kind\" : \"Column\","
       - "  \"detail\" : \"Some Column\","
       - "  \"data\" : {"
       - "    \"name\" : \"HIREDATE\","
       - "    \"type\" : \"TIMESTAMP\","
       - "    \"tablePath\" : [ \"EMP\" ]"
       - "  }"
       - "}"
    numRemaining: 166
 -
  description: "FUNCTION"
  input: "SELECT ONE_ARG_NUM^"
  output:
    completions: []
    numRemaining: 0
 -
  description: "FUNCTION NEEDING PARAMETER"
  input: "SELECT ONE_ARG_NUMERIC_FUNCTION(^ FROM EMP"
  output:
    completions:
     -
       - "{"
       - "  \"label\" : \"COMM\","
       - "  \"kind\" : \"Column\","
       - "  \"detail\" : \"Some Column\","
       - "  \"data\" : {"
       - "    \"name\" : \"COMM\","
       - "    \"type\" : \"INTEGER\","
       - "    \"tablePath\" : [ \"EMP\" ]"
       - "  }"
       - "}"
     -
       - "{"
       - "  \"label\" : \"DEPTNO\","
       - "  \"kind\" : \"Column\","
       - "  \"detail\" : \"Some Column\","
       - "  \"data\" : {"
       - "    \"name\" : \"DEPTNO\","
       - "    \"type\" : \"INTEGER\","
       - "    \"tablePath\" : [ \"EMP\" ]"
       - "  }"
       - "}"
     -
       - "{"
       - "  \"label\" : \"EMPNO\","
       - "  \"kind\" : \"Column\","
       - "  \"detail\" : \"Some Column\","
       - "  \"data\" : {"
       - "    \"name\" : \"EMPNO\","
       - "    \"type\" : \"INTEGER\","
       - "    \"tablePath\" : [ \"EMP\" ]"
       - "  }"
       - "}"
     -
       - "{"
       - "  \"label\" : \"MGR\","
       - "  \"kind\" : \"Column\","
       - "  \"detail\" : \"Some Column\","
       - "  \"data\" : {"
       - "    \"name\" : \"MGR\","
       - "    \"type\" : \"INTEGER\","
       - "    \"tablePath\" : [ \"EMP\" ]"
       - "  }"
       - "}"
     -
       - "{"
       - "  \"label\" : \"SAL\","
       - "  \"kind\" : \"Column\","
       - "  \"detail\" : \"Some Column\","
       - "  \"data\" : {"
       - "    \"name\" : \"SAL\","
       - "    \"type\" : \"INTEGER\","
       - "    \"tablePath\" : [ \"EMP\" ]"
       - "  }"
       - "}"
    numRemaining: 161
