#
# Copyright (C) 2017-2019 Dremio Corporation
#
# Licensed under the Apache License, Version 2.0 (the "License");
# you may not use this file except in compliance with the License.
# You may obtain a copy of the License at
#
#     http://www.apache.org/licenses/LICENSE-2.0
#
# Unless required by applicable law or agreed to in writing, software
# distributed under the License is distributed on an "AS IS" BASIS,
# WITHOUT WARRANTIES OR CONDITIONS OF ANY KIND, either express or implied.
# See the License for the specific language governing permissions and
# limitations under the License.
#

---
 -
  description: "FROM CLAUSE"
  input: "SELECT * FROM "
  output:
   - "space"
 -
  description: "MID PATH"
  input: "SELECT * FROM \"space\"."
  output:
   - "folder"
 -
  description: "PATH WITH MANY CHILDREN"
  input: "SELECT * FROM \"space\".\"folder\"."
  output:
   - "file"
   - "physical_dataset"
   - "source"
   - "virtual_dataset"
 -
  description: "PATH WITH NO CHILDREN"
  input: "SELECT * FROM \"space\".\"folder\".\"file\"."
  output: []
 -
  description: "INVALID PATH"
  input: "SELECT * FROM \"path\".\"that\".\"does\".\"not\".\"exist\"."
  output: []
 -
  description: "MULTIPLE TABLES"
  input: "SELECT * FROM \"space\".\"folder\".\"physical_dataset\", \"space\".\"folder\"."
  output:
   - "file"
   - "physical_dataset"
   - "source"
   - "virtual_dataset"
 -
  description: "JOIN empty path"
  input: "SELECT * FROM \"space\".\"folder\".\"physical_dataset\" JOIN "
  output:
   - "space"
 -
  description: "JOIN mid path"
  input: "SELECT * FROM \"space\".\"folder\".\"physical_dataset\" JOIN \"space\".\"folder\"."
  output:
   - "file"
   - "physical_dataset"
   - "source"
   - "virtual_dataset"
 -
  description: "APPLY empty path"
  input: "SELECT * FROM \"space\".\"folder\".\"physical_dataset\" APPLY "
  output:
   - "space"
 -
  description: "APPLY mid path"
  input: "SELECT * FROM \"space\".\"folder\".\"physical_dataset\" APPLY \"space\".\"folder\"."
  output:
   - "file"
   - "physical_dataset"
   - "source"
   - "virtual_dataset"
