#
# Copyright (C) 2017-2019 Dremio Corporation
#
# Licensed under the Apache License, Version 2.0 (the "License");
# you may not use this file except in compliance with the License.
# You may obtain a copy of the License at
#
#     http://www.apache.org/licenses/LICENSE-2.0
#
# Unless required by applicable law or agreed to in writing, software
# distributed under the License is distributed on an "AS IS" BASIS,
# WITHOUT WARRANTIES OR CONDITIONS OF ANY KIND, either express or implied.
# See the License for the specific language governing permissions and
# limitations under the License.
#

---
 -
  description: "ZERO_ARG_FUNCTION"
  input: "ZERO_ARG_FUNCTION"
  output:
    name: "ZERO_ARG_FUNCTION"
    signatures:
     -
      returnType: "DOUBLE"
      operandTypes: []
 -
  description: "ONE_ARG_BOOLEAN_FUNCTION"
  input: "ONE_ARG_BOOLEAN_FUNCTION"
  output:
    name: "ONE_ARG_BOOLEAN_FUNCTION"
    signatures:
     -
      returnType: "BOOLEAN"
      operandTypes:
       - "BOOLEAN"
 -
  description: "ONE_ARG_NUMERIC_FUNCTION"
  input: "ONE_ARG_NUMERIC_FUNCTION"
  output:
    name: "ONE_ARG_NUMERIC_FUNCTION"
    signatures:
     -
      returnType: "INTEGER"
      operandTypes:
       - "INTEGER"
     -
      returnType: "DOUBLE"
      operandTypes:
       - "DOUBLE"
     -
      returnType: "FLOAT"
      operandTypes:
       - "FLOAT"
     -
      returnType: "DECIMAL"
      operandTypes:
       - "DECIMAL"
 -
  description: "TWO_ARG_NUMERIC_FUNCTION"
  input: "TWO_ARG_NUMERIC_FUNCTION"
  output:
    name: "TWO_ARG_NUMERIC_FUNCTION"
    signatures:
     -
      returnType: "DOUBLE"
      operandTypes:
       - "INTEGER"
       - "INTEGER"
     -
      returnType: "DOUBLE"
      operandTypes:
       - "INTEGER"
       - "DOUBLE"
     -
      returnType: "DOUBLE"
      operandTypes:
       - "INTEGER"
       - "FLOAT"
     -
      returnType: "DOUBLE"
      operandTypes:
       - "INTEGER"
       - "DECIMAL"
     -
      returnType: "DOUBLE"
      operandTypes:
       - "DOUBLE"
       - "INTEGER"
     -
      returnType: "DOUBLE"
      operandTypes:
       - "DOUBLE"
       - "DOUBLE"
     -
      returnType: "DOUBLE"
      operandTypes:
       - "DOUBLE"
       - "FLOAT"
     -
      returnType: "DOUBLE"
      operandTypes:
       - "DOUBLE"
       - "DECIMAL"
     -
      returnType: "DOUBLE"
      operandTypes:
       - "FLOAT"
       - "INTEGER"
     -
      returnType: "DOUBLE"
      operandTypes:
       - "FLOAT"
       - "DOUBLE"
     -
      returnType: "DOUBLE"
      operandTypes:
       - "FLOAT"
       - "FLOAT"
     -
      returnType: "DOUBLE"
      operandTypes:
       - "FLOAT"
       - "DECIMAL"
     -
      returnType: "DOUBLE"
      operandTypes:
       - "DECIMAL"
       - "INTEGER"
     -
      returnType: "DOUBLE"
      operandTypes:
       - "DECIMAL"
       - "DOUBLE"
     -
      returnType: "DOUBLE"
      operandTypes:
       - "DECIMAL"
       - "FLOAT"
     -
      returnType: "DOUBLE"
      operandTypes:
       - "DECIMAL"
       - "DECIMAL"
 -
  description: "UNSTABLE_RETURN_TYPE_FUNCTION"
  input: "UNSTABLE_RETURN_TYPE_FUNCTION"
  output:
    name: "UNSTABLE_RETURN_TYPE_FUNCTION"
    signatures:
     -
      returnType: "INTEGER"
      operandTypes:
       - "INTEGER"
     -
      returnType: "DECIMAL"
      operandTypes:
       - "BOOLEAN"
     -
      returnType: "DECIMAL"
      operandTypes:
       - "BINARY"
     -
      returnType: "DECIMAL"
      operandTypes:
       - "NULL"
     -
      returnType: "DECIMAL"
      operandTypes:
       - "DATE"
     -
      returnType: "DECIMAL"
      operandTypes:
       - "DOUBLE"
     -
      returnType: "DECIMAL"
      operandTypes:
       - "FLOAT"
     -
      returnType: "DECIMAL"
      operandTypes:
       - "TIME"
     -
      returnType: "DECIMAL"
      operandTypes:
       - "VARCHAR"
     -
      returnType: "INTEGER"
      operandTypes:
       - "DECIMAL"
 -
  description: "VARADIC_FUNCTION"
  input: "VARADIC_FUNCTION"
  output:
    name: "VARADIC_FUNCTION"
    signatures:
     -
      returnType: "DOUBLE"
      operandTypes:
       - "VARCHAR"
       - "VARCHAR"
     -
      returnType: "DOUBLE"
      operandTypes:
       - "VARCHAR"
       - "VARCHAR"
       - "VARCHAR"
 -
  description: "OVERLOADED_FUNCTION"
  input: "OVERLOADED_FUNCTION"
  output:
    name: "OVERLOADED_FUNCTION"
    signatures:
     -
      returnType: "DOUBLE"
      operandTypes:
       - "BINARY"
       - "BOOLEAN"
     -
      returnType: "DOUBLE"
      operandTypes:
       - "DATE"
       - "BINARY"
     -
      returnType: "DOUBLE"
      operandTypes:
       - "BOOLEAN"
       - "DATE"
       - "BINARY"
