#
# Copyright (C) 2017-2019 Dremio Corporation
#
# Licensed under the Apache License, Version 2.0 (the "License");
# you may not use this file except in compliance with the License.
# You may obtain a copy of the License at
#
#     http://www.apache.org/licenses/LICENSE-2.0
#
# Unless required by applicable law or agreed to in writing, software
# distributed under the License is distributed on an "AS IS" BASIS,
# WITHOUT WARRANTIES OR CONDITIONS OF ANY KIND, either express or implied.
# See the License for the specific language governing permissions and
# limitations under the License.
#

---
 -
  description: "ONLY FROM CLAUSE"
  input: "SELECT * FROM EMP^"
  output:
    extractedQuery: "SELECT * FROM EMP "
    extractedSubquery: "SELECT * FROM EMP "
    extractedFromClause: "FROM EMP "
 -
  description: "FROM + WHERE"
  input: "SELECT * FROM EMP WHERE age < 10^"
  output:
    extractedQuery: "SELECT * FROM EMP WHERE age < 10 "
    extractedSubquery: "SELECT * FROM EMP WHERE age < 10 "
    extractedFromClause: "FROM EMP "
 -
  description: "FROM + ORDER BY"
  input: "SELECT * FROM EMP ORDER BY age^"
  output:
    extractedQuery: "SELECT * FROM EMP ORDER BY age "
    extractedSubquery: "SELECT * FROM EMP ORDER BY age "
    extractedFromClause: "FROM EMP "
 -
  description: "FROM + LIMIT"
  input: "SELECT * FROM EMP LIMIT 10^"
  output:
    extractedQuery: "SELECT * FROM EMP LIMIT 10 "
    extractedSubquery: "SELECT * FROM EMP LIMIT 10 "
    extractedFromClause: "FROM EMP "
 -
  description: "FROM + OFFSET"
  input: "SELECT * FROM EMP OFFSET 10^"
  output:
    extractedQuery: "SELECT * FROM EMP OFFSET 10 "
    extractedSubquery: "SELECT * FROM EMP OFFSET 10 "
    extractedFromClause: "FROM EMP "
 -
  description: "FROM + FETCH"
  input: "SELECT * FROM EMP FETCH FIRST 10 ONLY^"
  output:
    extractedQuery: "SELECT * FROM EMP FETCH FIRST 10 ONLY "
    extractedSubquery: "SELECT * FROM EMP FETCH FIRST 10 ONLY "
    extractedFromClause: "FROM EMP "
 -
  description: "MULTIPLE CLAUSES"
  input: "SELECT * FROM EMP WHERE age < 10 ORDER by age LIMIT 10 OFFSET 10 FETCH FIRST 10 ONLY^"
  output:
    extractedQuery: "SELECT * FROM EMP WHERE age < 10 ORDER by age LIMIT 10 OFFSET 10 FETCH FIRST 10 ONLY "
    extractedSubquery: "SELECT * FROM EMP WHERE age < 10 ORDER by age LIMIT 10 OFFSET 10 FETCH FIRST 10 ONLY "
    extractedFromClause: "FROM EMP "
 -
  description: "FROM CLAUSE WITH COMMAS"
  input: "SELECT * FROM EMP, DEPT^"
  output:
    extractedQuery: "SELECT * FROM EMP , DEPT "
    extractedSubquery: "SELECT * FROM EMP , DEPT "
    extractedFromClause: "FROM EMP , DEPT "
 -
  description: "FROM CLAUSE WITH JOINS"
  input: "SELECT * FROM EMP JOIN DEPT ON EMP.DEPTNO = DEPT.DEPTNO^"
  output:
    extractedQuery: "SELECT * FROM EMP JOIN DEPT ON EMP . DEPTNO = DEPT . DEPTNO "
    extractedSubquery: "SELECT * FROM EMP JOIN DEPT ON EMP . DEPTNO = DEPT . DEPTNO "
    extractedFromClause: "FROM EMP JOIN DEPT ON EMP . DEPTNO = DEPT . DEPTNO "
 -
  description: "SUBQUERY WITH CURSOR IN INNER QUERY"
  input:
   - "SELECT DEPTNO, NAME, (SELECT MAX(EMP.SAL), ^"
   - " FROM EMP"
   - " WHERE EMP.DEPTNO = DEPT.DEPTNO) AS MAX_SAL_IN_DEPTNO"
   - "FROM DEPT"
  output:
    extractedQuery: "SELECT DEPTNO , NAME , ( SELECT MAX ( EMP . SAL ) , FROM EMP WHERE EMP . DEPTNO = DEPT . DEPTNO ) AS MAX_SAL_IN_DEPTNO FROM DEPT "
    extractedSubquery: "( SELECT MAX ( EMP . SAL ) , FROM EMP WHERE EMP . DEPTNO = DEPT . DEPTNO ) "
    extractedFromClause: "FROM EMP "
 -
  description: "SUBQUERY WITH CURSOR IN OUTER QUERY"
  input:
   - "SELECT DEPTNO, ^, NAME, (SELECT MAX(EMP.SAL)"
   - " FROM EMP"
   - " WHERE EMP.DEPTNO = DEPT.DEPTNO) AS MAX_SAL_IN_DEPTNO"
   - "FROM DEPT"
  output:
    extractedQuery: "SELECT DEPTNO , , NAME , ( SELECT MAX ( EMP . SAL ) FROM EMP WHERE EMP . DEPTNO = DEPT . DEPTNO ) AS MAX_SAL_IN_DEPTNO FROM DEPT "
    extractedSubquery: "SELECT DEPTNO , , NAME , ( SELECT MAX ( EMP . SAL ) FROM EMP WHERE EMP . DEPTNO = DEPT . DEPTNO ) AS MAX_SAL_IN_DEPTNO FROM DEPT "
    extractedFromClause: "FROM DEPT "
 -
  description: "MULTI QUERY (UNION)"
  input:
   - "SELECT DEPTNO, ^ FROM DEPT"
   - " UNION"
   - "SELECT EMPNO FROM EMP"
  output:
    extractedQuery: "SELECT DEPTNO , FROM DEPT "
    extractedSubquery: "SELECT DEPTNO , FROM DEPT "
    extractedFromClause: "FROM DEPT "
 -
  description: "MULTI QUERY (EXCEPT)"
  input:
   - "SELECT DEPTNO, ^ FROM DEPT"
   - " EXCEPT"
   - "SELECT EMPNO FROM EMP"
  output:
    extractedQuery: "SELECT DEPTNO , FROM DEPT "
    extractedSubquery: "SELECT DEPTNO , FROM DEPT "
    extractedFromClause: "FROM DEPT "
 -
  description: "MULTI QUERY (MINUS)"
  input:
   - "SELECT DEPTNO, ^ FROM DEPT"
   - " MINUS"
   - "SELECT EMPNO FROM EMP"
  output:
    extractedQuery: "SELECT DEPTNO , FROM DEPT "
    extractedSubquery: "SELECT DEPTNO , FROM DEPT "
    extractedFromClause: "FROM DEPT "
 -
  description: "MULTI QUERY (INTERSECT)"
  input:
   - "SELECT DEPTNO, ^ FROM DEPT"
   - " INTERSECT"
   - "SELECT EMPNO FROM EMP"
  output:
    extractedQuery: "SELECT DEPTNO , FROM DEPT "
    extractedSubquery: "SELECT DEPTNO , FROM DEPT "
    extractedFromClause: "FROM DEPT "
 -
  description: "MULTI QUERY FIRST"
  input:
   - "SELECT DEPTNO, ^ FROM DEPT"
   - " UNION"
   - "SELECT EMPNO FROM EMP"
   - " UNION"
   - "SELECT GRADE FROM SALGRADE"
  output:
    extractedQuery: "SELECT DEPTNO , FROM DEPT "
    extractedSubquery: "SELECT DEPTNO , FROM DEPT "
    extractedFromClause: "FROM DEPT "
 -
  description: "MULTI QUERY MIDDLE"
  input:
   - "SELECT DEPTNO FROM DEPT"
   - " UNION"
   - "SELECT EMPNO, ^ FROM EMP"
   - " UNION"
   - "SELECT GRADE FROM SALGRADE"
  output:
    extractedQuery: "SELECT EMPNO , FROM EMP "
    extractedSubquery: "SELECT EMPNO , FROM EMP "
    extractedFromClause: "FROM EMP "
 -
  description: "MULTI QUERY LAST"
  input:
   - "SELECT DEPTNO FROM DEPT"
   - " UNION"
   - "SELECT EMPNO FROM EMP"
   - " UNION"
   - "SELECT GRADE, ^ FROM SALGRADE"
  output:
    extractedQuery: "SELECT GRADE , FROM SALGRADE "
    extractedSubquery: "SELECT GRADE , FROM SALGRADE "
    extractedFromClause: "FROM SALGRADE "
 -
  description: "EVERYTHING"
  input:
   - "SELECT DEPTNO FROM DEPT"
   - " UNION"
   - "SELECT DEPTNO, NAME, (SELECT MAX(EMP.SAL), ^"
   - " FROM EMP JOIN DEPT ON EMP.DEPTNO = DEPT.DEPTNO"
   - " WHERE EMP.DEPTNO = DEPT.DEPTNO) AS MAX_SAL_IN_DEPTNO"
   - "FROM DEPT"
   - " UNION"
   - "SELECT GRADE FROM SALGRADE"
  output:
    extractedQuery: "SELECT DEPTNO , NAME , ( SELECT MAX ( EMP . SAL ) , FROM EMP JOIN DEPT ON EMP . DEPTNO = DEPT . DEPTNO WHERE EMP . DEPTNO = DEPT . DEPTNO ) AS MAX_SAL_IN_DEPTNO FROM DEPT "
    extractedSubquery: "( SELECT MAX ( EMP . SAL ) , FROM EMP JOIN DEPT ON EMP . DEPTNO = DEPT . DEPTNO WHERE EMP . DEPTNO = DEPT . DEPTNO ) "
    extractedFromClause: "FROM EMP JOIN DEPT ON EMP . DEPTNO = DEPT . DEPTNO "
